.next/dev/types/validator.ts(90,31): error TS2344: Type 'typeof import("D:/VibeCoding/Project/LogicBricks/src/app/api/v1/run/[flow_id]/route")' does not satisfy the constraint 'RouteHandlerConfig<"/api/v1/run/[flow_id]">'.
  Types of property 'POST' are incompatible.
    Type '(req: NextRequest, { params }: { params: { flow_id: string; }; }) => Promise<NextResponse<{ error: string; }> | NextResponse<{ result: any; }>>' is not assignable to type '(request: NextRequest, context: { params: Promise<{ flow_id: string; }>; }) => void | Response | Promise<void | Response>'.
      Types of parameters '__1' and 'context' are incompatible.
        Type '{ params: Promise<{ flow_id: string; }>; }' is not assignable to type '{ params: { flow_id: string; }; }'.
          Types of property 'params' are incompatible.
            Property 'flow_id' is missing in type 'Promise<{ flow_id: string; }>' but required in type '{ flow_id: string; }'.
.next/types/validator.ts(90,31): error TS2344: Type 'typeof import("D:/VibeCoding/Project/LogicBricks/src/app/api/v1/run/[flow_id]/route")' does not satisfy the constraint 'RouteHandlerConfig<"/api/v1/run/[flow_id]">'.
  Types of property 'POST' are incompatible.
    Type '(req: NextRequest, { params }: { params: { flow_id: string; }; }) => Promise<NextResponse<{ error: string; }> | NextResponse<{ result: any; }>>' is not assignable to type '(request: NextRequest, context: { params: Promise<{ flow_id: string; }>; }) => void | Response | Promise<void | Response>'.
      Types of parameters '__1' and 'context' are incompatible.
        Type '{ params: Promise<{ flow_id: string; }>; }' is not assignable to type '{ params: { flow_id: string; }; }'.
          Types of property 'params' are incompatible.
            Property 'flow_id' is missing in type 'Promise<{ flow_id: string; }>' but required in type '{ flow_id: string; }'.
src/app/api/ai/compile/route.ts(42,19): error TS2551: Property 'toDataStreamResponse' does not exist on type 'StreamTextResult<ToolSet, Output<string, string, never>>'. Did you mean 'toTextStreamResponse'?
